[random | fold 1] train 28,349 | val  3,962 | test  7,313 | actives≥6.0 val: 2,265 test: 4,163
    mean max-Tanimoto(test-train) = 0.737
[random | fold 2] train 27,702 | val  3,962 | test  7,960 | actives≥6.0 val: 2,423 test: 4,685
    mean max-Tanimoto(test-train) = 0.746
[random | fold 3] train 26,432 | val  3,962 | test  9,230 | actives≥6.0 val: 2,287 test: 5,927
    mean max-Tanimoto(test-train) = 0.789
[random | fold 4] train 28,055 | val  3,962 | test  7,607 | actives≥6.0 val: 2,328 test: 4,292
    mean max-Tanimoto(test-train) = 0.747
[random | fold 5] train 28,148 | val  3,962 | test  7,514 | actives≥6.0 val: 2,261 test: 4,232
    mean max-Tanimoto(test-train) = 0.731
[scaffold | fold 1] train 25,897 | val  3,962 | test  9,765 | actives≥6.0 val: 2,395 test: 6,913
    mean max-Tanimoto(test-train) = 0.635
[scaffold | fold 2] train 28,733 | val  3,962 | test  6,929 | actives≥6.0 val: 2,618 test: 4,171
    mean max-Tanimoto(test-train) = 0.676
[scaffold | fold 3] train 28,285 | val  3,962 | test  7,377 | actives≥6.0 val: 2,696 test: 4,336
    mean max-Tanimoto(test-train) = 0.659
[scaffold | fold 4] train 27,959 | val  3,962 | test  7,703 | actives≥6.0 val: 2,712 test: 3,859
    mean max-Tanimoto(test-train) = 0.579
[scaffold | fold 5] train 27,812 | val  3,962 | test  7,850 | actives≥6.0 val: 2,681 test: 4,020
    mean max-Tanimoto(test-train) = 0.578
[butina | fold 1] train 25,291 | val  3,962 | test 10,371 | actives≥6.0 val: 2,477 test: 9,268
    mean max-Tanimoto(test-train) = 0.612
[butina | fold 2] train 28,465 | val  3,962 | test  7,197 | actives≥6.0 val: 3,193 test: 4,990
    mean max-Tanimoto(test-train) = 0.532
[butina | fold 3] train 29,150 | val  3,962 | test  6,512 | actives≥6.0 val: 3,338 test: 3,932
    mean max-Tanimoto(test-train) = 0.501
[butina | fold 4] train 29,209 | val  3,962 | test  6,453 | actives≥6.0 val: 3,320 test: 2,725
    mean max-Tanimoto(test-train) = 0.489
[butina | fold 5] train 26,571 | val  3,962 | test  9,091 | actives≥6.0 val: 3,343 test: 2,384
    mean max-Tanimoto(test-train) = 0.393
[umap_kmeans | fold 1] train 31,422 | val  3,962 | test  4,240 | actives≥6.0 val: 2,246 test: 2,670
    mean max-Tanimoto(test-train) = 0.358
[umap_kmeans | fold 2] train 23,071 | val  3,962 | test 12,591 | actives≥6.0 val: 2,797 test: 4,025
    mean max-Tanimoto(test-train) = 0.336
[umap_kmeans | fold 3] train 29,288 | val  3,962 | test  6,374 | actives≥6.0 val: 2,356 test: 4,127
    mean max-Tanimoto(test-train) = 0.268
[umap_kmeans | fold 4] train 24,144 | val  3,962 | test 11,518 | actives≥6.0 val: 1,915 test: 8,835
    mean max-Tanimoto(test-train) = 0.426
[umap_kmeans | fold 5] train 30,761 | val  3,962 | test  4,901 | actives≥6.0 val: 2,311 test: 3,642
    mean max-Tanimoto(test-train) = 0.388
[umap_ward | fold 1] train 17,753 | val  3,962 | test 17,909 | actives≥6.0 val: 1,973 test: 10,928
    mean max-Tanimoto(test-train) = 0.383
[umap_ward | fold 2] train 29,983 | val  3,962 | test  5,679 | actives≥6.0 val: 2,298 test: 3,945
    mean max-Tanimoto(test-train) = 0.254
[umap_ward | fold 3] train 28,172 | val  3,962 | test  7,490 | actives≥6.0 val: 2,555 test: 2,783
    mean max-Tanimoto(test-train) = 0.340
[umap_ward | fold 4] train 31,612 | val  3,962 | test  4,050 | actives≥6.0 val: 2,297 test: 2,379
    mean max-Tanimoto(test-train) = 0.351
[umap_ward | fold 5] train 31,166 | val  3,962 | test  4,496 | actives≥6.0 val: 2,360 test: 3,264
    mean max-Tanimoto(test-train) = 0.363
Random seed: 2858808528