[random | fold 1] train 13,263 | val  3,962 | test  7,924 | actives≥6.0 val: 2,351 test: 4,704
    mean max-Tanimoto(test→train) = 0.869
[random | fold 2] train 13,274 | val  3,962 | test  7,925 | actives≥6.0 val: 2,366 test: 4,699
    mean max-Tanimoto(test→train) = 0.866
[random | fold 3] train 13,210 | val  3,962 | test  7,925 | actives≥6.0 val: 2,386 test: 4,612
    mean max-Tanimoto(test→train) = 0.861
[random | fold 4] train 13,332 | val  3,962 | test  7,925 | actives≥6.0 val: 2,330 test: 4,657
    mean max-Tanimoto(test→train) = 0.865
[random | fold 5] train 13,257 | val  3,962 | test  7,925 | actives≥6.0 val: 2,335 test: 4,668
    mean max-Tanimoto(test→train) = 0.866
[scaffold | fold 1] train 13,417 | val  3,962 | test  7,924 | actives≥6.0 val: 2,135 test: 6,152
    mean max-Tanimoto(test→train) = 0.666
[scaffold | fold 2] train 11,970 | val  3,962 | test  7,925 | actives≥6.0 val: 2,314 test: 4,924
    mean max-Tanimoto(test→train) = 0.621
[scaffold | fold 3] train 11,892 | val  3,962 | test  7,925 | actives≥6.0 val: 2,415 test: 4,059
    mean max-Tanimoto(test→train) = 0.604
[scaffold | fold 4] train 11,853 | val  3,962 | test  7,925 | actives≥6.0 val: 2,438 test: 3,904
    mean max-Tanimoto(test→train) = 0.590
[scaffold | fold 5] train  9,893 | val  3,962 | test  7,925 | actives≥6.0 val: 2,372 test: 4,301
    mean max-Tanimoto(test→train) = 0.603
[butina | fold 1] train 12,799 | val  3,962 | test  7,924 | actives≥6.0 val: 2,056 test: 7,293
    mean max-Tanimoto(test→train) = 0.623
[butina | fold 2] train 12,259 | val  3,962 | test  7,925 | actives≥6.0 val: 2,200 test: 6,197
    mean max-Tanimoto(test→train) = 0.517
[butina | fold 3] train 11,520 | val  3,962 | test  7,925 | actives≥6.0 val: 2,416 test: 4,406
    mean max-Tanimoto(test→train) = 0.495
[butina | fold 4] train 11,210 | val  3,962 | test  7,925 | actives≥6.0 val: 2,430 test: 3,502
    mean max-Tanimoto(test→train) = 0.468
[butina | fold 5] train 11,344 | val  3,962 | test  7,925 | actives≥6.0 val: 2,646 test: 1,942
    mean max-Tanimoto(test→train) = 0.397
[umap | fold 1] train 12,946 | val  3,962 | test  7,435 | actives≥6.0 val: 2,210 test: 5,253
    mean max-Tanimoto(test→train) = 0.558
[umap | fold 2] train 12,280 | val  3,962 | test  8,001 | actives≥6.0 val: 2,300 test: 4,998
    mean max-Tanimoto(test→train) = 0.507
[umap | fold 3] train 12,345 | val  3,962 | test  7,048 | actives≥6.0 val: 2,227 test: 4,835
    mean max-Tanimoto(test→train) = 0.528
[umap | fold 4] train 12,718 | val  3,962 | test  5,980 | actives≥6.0 val: 2,378 test: 3,209
    mean max-Tanimoto(test→train) = 0.486
[umap | fold 5] train  8,728 | val  3,962 | test 11,160 | actives≥6.0 val: 2,526 test: 5,045
    mean max-Tanimoto(test→train) = 0.404
[umap_hdb | fold 1] train 12,956 | val  3,962 | test  7,246 | actives≥6.0 val: 2,315 test: 4,644
    mean max-Tanimoto(test→train) = 0.622
[umap_hdb | fold 2] train 12,126 | val  3,962 | test  7,246 | actives≥6.0 val: 2,407 test: 4,136
    mean max-Tanimoto(test→train) = 0.558
[umap_hdb | fold 3] train 12,223 | val  3,962 | test  7,246 | actives≥6.0 val: 2,375 test: 4,351
    mean max-Tanimoto(test→train) = 0.568
[umap_hdb | fold 4] train 12,243 | val  3,962 | test  7,246 | actives≥6.0 val: 2,310 test: 4,067
    mean max-Tanimoto(test→train) = 0.556
[umap_hdb | fold 5] train 12,079 | val  3,962 | test  7,245 | actives≥6.0 val: 2,373 test: 4,103
    mean max-Tanimoto(test→train) = 0.569